
> nextn@0.1.0 build
> next build

   Γû▓ Next.js 15.5.9
   - Environments: .env

   Creating an optimized production build ...
 Γ£ô Compiled successfully in 7.9s
   Skipping validation of types
   Skipping linting
   Collecting page data ...
   Generating static pages (0/1087) ...
node.exe : Error occurred prerendering 
page "/". Read more: https://nextjs.org/
docs/messages/prerender-error
At line:1 char:1
+ & "C:\Program Files\nodejs/node.exe" 
"C:\Program Files\nodejs/node_mo ...
+ ~~~~~~~~~~~~~~~~~~~~~~~~~~~~~~~~~~~~~~
~~~~~~~~~~~~~~~~~~~~~~~~~~~~~~~
    + CategoryInfo          : NotSpec   
 ified: (Error occurred ...prerend    
er-error:String) [], RemoteExcept    ion
    + FullyQualifiedErrorId : NativeC   
 ommandError
 
[Error: Element type is invalid: 
expected a string (for built-in 
components) or a class/function (for 
composite components) but got: 
undefined.] {
  digest: '2485594438'
}
Export encountered an error on /page: 
/, exiting the build.
 Γ¿» Next.js build worker exited with 
code: 1 and signal: null
